enable
S4#terminal length 0
S4#show running-config
Building configuration...

Current configuration : 10099 bytes
!
! Last configuration change at 10:22:35 UTC Fri Mar 13 2026
!
version 17.12
service timestamps debug datetime msec
service timestamps log datetime msec
platform punt-keepalive disable-kernel-core
!
hostname S4
!
!
vrf definition Mgmt-vrf
 !
 address-family ipv4
 exit-address-family
 !
 address-family ipv6
 exit-address-family
!
no aaa new-model
!
!
!
switch 1 provision c9200l-24t-4g
!
!
!
!
!
!
!
!
login on-success log
vtp version 1
!
!
!
!
!
!
crypto pki trustpoint SLA-TrustPoint
 enrollment pkcs12
 revocation-check crl
 hash sha256
!
crypto pki trustpoint TP-self-signed-974183963
 enrollment selfsigned
 subject-name cn=IOS-Self-Signed-Certificate-974183963
 revocation-check none
 rsakeypair TP-self-signed-974183963
 hash sha256
!
!
crypto pki certificate chain SLA-TrustPoint
 certificate ca 01
  30820321 30820209 A0030201 02020101 300D0609 2A864886 F70D0101 0B050030 
  32310E30 0C060355 040A1305 43697363 6F312030 1E060355 04031317 43697363 
  6F204C69 63656E73 696E6720 526F6F74 20434130 1E170D31 33303533 30313934 
  3834375A 170D3338 30353330 31393438 34375A30 32310E30 0C060355 040A1305 
  43697363 6F312030 1E060355 04031317 43697363 6F204C69 63656E73 696E6720 
  526F6F74 20434130 82012230 0D06092A 864886F7 0D010101 05000382 010F0030 
  82010A02 82010100 A6BCBD96 131E05F7 145EA72C 2CD686E6 17222EA1 F1EFF64D 
  CBB4C798 212AA147 C655D8D7 9471380D 8711441E 1AAF071A 9CAE6388 8A38E520 
  1C394D78 462EF239 C659F715 B98C0A59 5BBB5CBD 0CFEBEA3 700A8BF7 D8F256EE 
  4AA4E80D DB6FD1C9 60B1FD18 FFC69C96 6FA68957 A2617DE7 104FDC5F EA2956AC 
  7390A3EB 2B5436AD C847A2C5 DAB553EB 69A9A535 58E9F3E3 C0BD23CF 58BD7188 
  68E69491 20F320E7 948E71D7 AE3BCC84 F10684C7 4BC8E00F 539BA42B 42C68BB7 
  C7479096 B4CB2D62 EA2F505D C7B062A4 6811D95B E8250FC4 5D5D5FB8 8F27D191 
  C55F0D76 61F9A4CD 3D992327 A8BB03BD 4E6D7069 7CBADF8B DF5F4368 95135E44 
  DFC7C6CF 04DD7FD1 02030100 01A34230 40300E06 03551D0F 0101FF04 04030201 
  06300F06 03551D13 0101FF04 05300301 01FF301D 0603551D 0E041604 1449DC85 
  4B3D31E5 1B3E6A17 606AF333 3D3B4C73 E8300D06 092A8648 86F70D01 010B0500 
  03820101 00507F24 D3932A66 86025D9F E838AE5C 6D4DF6B0 49631C78 240DA905 
  604EDCDE FF4FED2B 77FC460E CD636FDB DD44681E 3A5673AB 9093D3B1 6C9E3D8B 
  D98987BF E40CBD9E 1AECA0C2 2189BB5C 8FA85686 CD98B646 5575B146 8DFC66A8 
  467A3DF4 4D565700 6ADF0F0D CF835015 3C04FF7C 21E878AC 11BA9CD2 55A9232C 
  7CA7B7E6 C1AF74F6 152E99B7 B1FCF9BB E973DE7F 5BDDEB86 C71E3B49 1765308B 
  5FB0DA06 B92AFE7F 494E8A9E 07B85737 F3A58BE1 1A48A229 C37C1E69 39F08678 
  80DDCD16 D6BACECA EEBC7CF9 8428787B 35202CDC 60E4616A B623CDBD 230E3AFB 
  418616A9 4093E049 4D10AB75 27E86F73 932E35B5 8862FDAE 0275156F 719BB2F0 
  D697DF7F 28
  	quit
crypto pki certificate chain TP-self-signed-974183963
 certificate self-signed 01
  3082032E 30820216 A0030201 02020101 300D0609 2A864886 F70D0101 0B050030 
  30312E30 2C060355 04030C25 494F532D 53656C66 2D536967 6E65642D 43657274 
  69666963 6174652D 39373431 38333936 33301E17 0D323630 33313331 30313231 
  375A170D 33363033 31323130 31323137 5A303031 2E302C06 03550403 0C25494F 
  532D5365 6C662D53 69676E65 642D4365 72746966 69636174 652D3937 34313833 
  39363330 82012230 0D06092A 864886F7 0D010101 05000382 010F0030 82010A02 
  82010100 9EB12BE5 519CE729 CE77777C 7E701E93 29B81242 C84846D9 934ACFC7 
  C380CCB9 F70F2BFA 7321C25B AE776C20 2BF0B3EB F339924A 28034815 313FE3FB 
  B162C6AF 06DE6946 1F29541F 81C7DB00 29983096 BFB8D955 AFEDDA5E 326523D3 
  CB609396 F47A95A0 CF69B971 5DE94285 BB2E6455 09DE26DF B1048A97 6E446B36 
  14C38899 FA01F2CB 38724545 87F68547 10A08814 3E0EF3F3 E1491CC9 C0452326 
  0223569F C335D8BE ABB7CA82 D5203A77 E8CE5F2A 012E7A0A 37821B0B 2C75F504 
  133B8250 0AAA310F FC950F56 E74910D8 51207E4A 299C7B93 AC31684C EE78C039 
  33589B19 F3DF42C0 3E08ED97 8C890702 F7AB9DFF 526B1700 A535D4C9 A146B983 
  550DC9F7 02030100 01A35330 51301D06 03551D0E 04160414 C6425390 73DB2D97 
  65E88D82 8604FE93 F7546943 301F0603 551D2304 18301680 14C64253 9073DB2D 
  9765E88D 828604FE 93F75469 43300F06 03551D13 0101FF04 05300301 01FF300D 
  06092A86 4886F70D 01010B05 00038201 01002ECE 59E2352A 761FCA68 266835F2 
  583E1C0C BC349764 D9D85020 248B385D C1874916 EFB20CA6 E308A93C 5680BC01 
  8BAF7459 1AD78C99 25709344 B538FF3D 0C8CB5B7 458D24B8 19D384C1 3B9A0671 
  BADA287E 5273107F C5E70553 56FBB9DA CFE7C925 51D61753 74879C61 AC063F9E 
  A445C80E D0A291E0 862058EE B0A0CE12 451908AA 614F462B 90F62469 8C912632 
  3C91043C F8DCA0F4 4113B6D1 37812278 B83D76AA B275C769 C9CE63C7 369AF8D7 
  2832E6F9 8DCB0AB0 0C190719 A7CFA8D9 E2C2C59A BC2BC5A6 AA7A79C3 630F9F30 
  8A301280 4CCC8AAD AC81D8C9 784EFC2F 250AB71E 62847EE5 796977BC 20EFB7A2 
  08EF0471 15CFDE11 296D7397 238849E2 0C28
  	quit
!
license boot level network-essentials addon dna-essentials
memory free low-watermark processor 8237
!
diagnostic bootup level minimal
!
spanning-tree mode rapid-pvst
spanning-tree extend system-id
spanning-tree vlan 40,60,70 priority 61440
!
!
!
!
redundancy
 mode sso
crypto engine compliance shield disable
!
!
!
!
!
transceiver type all
 monitoring
!
!
class-map match-any system-cpp-police-ewlc-control
  description EWLC Control 
class-map match-any system-cpp-police-topology-control
  description Topology control
class-map match-any system-cpp-police-sw-forward
  description Sw forwarding, L2 LVX data packets, LOGGING, Transit Traffic
class-map match-any system-cpp-default
  description EWLC data, Inter FED Traffic 
class-map match-any system-cpp-police-sys-data
  description Openflow, Exception, EGR Exception, NFL Sampled Data, RPF Failed
class-map match-any system-cpp-police-punt-webauth
  description Punt Webauth
class-map match-any system-cpp-police-l2lvx-control
  description L2 LVX control packets
class-map match-any system-cpp-police-forus
  description Forus Address resolution and Forus traffic
class-map match-any system-cpp-police-multicast-end-station
  description MCAST END STATION
class-map match-any system-cpp-police-high-rate-app
  description High Rate Applications 
class-map match-any system-cpp-police-multicast
  description MCAST Data
class-map match-any system-cpp-police-l2-control
  description L2 control
class-map match-any system-cpp-police-dot1x-auth
  description DOT1X Auth
class-map match-any system-cpp-police-data
  description ICMP redirect, ICMP_GEN and BROADCAST
class-map match-any system-cpp-police-stackwise-virt-control
  description Stackwise Virtual OOB
class-map match-any non-client-nrt-class
class-map match-any system-cpp-police-routing-control
  description Routing control and Low Latency
class-map match-any system-cpp-police-protocol-snooping
  description Protocol snooping
class-map match-any system-cpp-police-dhcp-snooping
  description DHCP snooping
class-map match-any system-cpp-police-ios-routing
  description L2 control, Topology control, Routing control, Low Latency
class-map match-any system-cpp-police-system-critical
  description System Critical and Gold Pkt
class-map match-any system-cpp-police-ios-feature
  description ICMPGEN,BROADCAST,ICMP,L2LVXCntrl,ProtoSnoop,PuntWebauth,MCASTData,Transit,DOT1XAuth,Swfwd,LOGGING,L2LVXData,ForusTraffic,ForusARP,McastEndStn,Openflow,Exception,EGRExcption,NflSampled,RpfFailed
!
policy-map system-cpp-policy
!
! 
!
!
!
!
!
!
!
!
!
interface Port-channel1
 switchport trunk allowed vlan 40,60,70
 switchport mode trunk
 spanning-tree link-type point-to-point
!
interface Port-channel2
 switchport trunk allowed vlan 40,60,70
 switchport mode trunk
 spanning-tree link-type point-to-point
!
interface GigabitEthernet0/0
 vrf forwarding Mgmt-vrf
 no ip address
 shutdown
!
interface GigabitEthernet1/0/1
 switchport trunk allowed vlan 40,60,70
 switchport mode trunk
 channel-group 1 mode desirable
!
interface GigabitEthernet1/0/2
 switchport trunk allowed vlan 40,60,70
 switchport mode trunk
 channel-group 2 mode desirable
!
interface GigabitEthernet1/0/3
 switchport access vlan 40
 switchport mode access
 spanning-tree portfast
 spanning-tree bpduguard enable
!
interface GigabitEthernet1/0/4
 switchport access vlan 70
 switchport mode access
 spanning-tree portfast
 spanning-tree bpduguard enable
!
interface GigabitEthernet1/0/5
 switchport access vlan 70
 switchport mode access
 spanning-tree portfast
 spanning-tree bpduguard enable
!
interface GigabitEthernet1/0/6
 switchport access vlan 70
 switchport mode access
 spanning-tree portfast
 spanning-tree bpduguard enable
!
interface GigabitEthernet1/0/7
 switchport access vlan 70
 switchport mode access
 spanning-tree portfast
 spanning-tree bpduguard enable
!
interface GigabitEthernet1/0/8
 switchport access vlan 60
 switchport mode access
 spanning-tree portfast
 spanning-tree bpduguard enable
!
interface GigabitEthernet1/0/9
 switchport access vlan 60
 switchport mode access
 spanning-tree portfast
 spanning-tree bpduguard enable
!
interface GigabitEthernet1/0/10
!
interface GigabitEthernet1/0/11
!
interface GigabitEthernet1/0/12
!
interface GigabitEthernet1/0/13
 switchport trunk allowed vlan 40,60,70
 switchport mode trunk
 channel-group 1 mode desirable
!
interface GigabitEthernet1/0/14
 switchport trunk allowed vlan 40,60,70
 switchport mode trunk
 channel-group 2 mode desirable
!
interface GigabitEthernet1/0/15
!
interface GigabitEthernet1/0/16
!
interface GigabitEthernet1/0/17
 switchport mode access
 spanning-tree portfast
 spanning-tree bpduguard enable
!
interface GigabitEthernet1/0/18
!
interface GigabitEthernet1/0/19
!
interface GigabitEthernet1/0/20
!
interface GigabitEthernet1/0/21
!
interface GigabitEthernet1/0/22
!
interface GigabitEthernet1/0/23
!
interface GigabitEthernet1/0/24
!
interface GigabitEthernet1/1/1
!
interface GigabitEthernet1/1/2
!
interface GigabitEthernet1/1/3
!
interface GigabitEthernet1/1/4
!
interface Vlan1
 no ip address
!
ip http server
ip http authentication local
ip http secure-server
ip forward-protocol nd
ip ssh bulk-mode 131072
!
!
!
!
control-plane
 service-policy input system-cpp-policy
!
!
line con 0
 stopbits 1
line vty 0 4
 login
 transport input ssh
line vty 5 15
 login
 transport input ssh
!
!
!
!
!
!
!
end

S4#