en
S3#terminal length 0
S3#show running-config
Building configuration...

Current configuration : 10583 bytes
!
! Last configuration change at 05:34:27 UTC Wed Mar 18 2026
!
version 17.12
service timestamps debug datetime msec
service timestamps log datetime msec
platform punt-keepalive disable-kernel-core
!
hostname S3
!
!
vrf definition Mgmt-vrf
 !
 address-family ipv4
 exit-address-family
 !
 address-family ipv6
 exit-address-family
!
no aaa new-model
!
!
!
switch 1 provision c9200l-24t-4g
!
!
!
!
!
!
!
!
login on-success log
vtp version 1
!
!
!
!
!
!
crypto pki trustpoint SLA-TrustPoint
 enrollment pkcs12
 revocation-check crl
 hash sha256
!
crypto pki trustpoint TP-self-signed-2486517205
 enrollment selfsigned
 subject-name cn=IOS-Self-Signed-Certificate-2486517205
 revocation-check none
 rsakeypair TP-self-signed-2486517205
 hash sha256
!
!
crypto pki certificate chain SLA-TrustPoint
 certificate ca 01
  30820321 30820209 A0030201 02020101 300D0609 2A864886 F70D0101 0B050030 
  32310E30 0C060355 040A1305 43697363 6F312030 1E060355 04031317 43697363 
  6F204C69 63656E73 696E6720 526F6F74 20434130 1E170D31 33303533 30313934 
  3834375A 170D3338 30353330 31393438 34375A30 32310E30 0C060355 040A1305 
  43697363 6F312030 1E060355 04031317 43697363 6F204C69 63656E73 696E6720 
  526F6F74 20434130 82012230 0D06092A 864886F7 0D010101 05000382 010F0030 
  82010A02 82010100 A6BCBD96 131E05F7 145EA72C 2CD686E6 17222EA1 F1EFF64D 
  CBB4C798 212AA147 C655D8D7 9471380D 8711441E 1AAF071A 9CAE6388 8A38E520 
  1C394D78 462EF239 C659F715 B98C0A59 5BBB5CBD 0CFEBEA3 700A8BF7 D8F256EE 
  4AA4E80D DB6FD1C9 60B1FD18 FFC69C96 6FA68957 A2617DE7 104FDC5F EA2956AC 
  7390A3EB 2B5436AD C847A2C5 DAB553EB 69A9A535 58E9F3E3 C0BD23CF 58BD7188 
  68E69491 20F320E7 948E71D7 AE3BCC84 F10684C7 4BC8E00F 539BA42B 42C68BB7 
  C7479096 B4CB2D62 EA2F505D C7B062A4 6811D95B E8250FC4 5D5D5FB8 8F27D191 
  C55F0D76 61F9A4CD 3D992327 A8BB03BD 4E6D7069 7CBADF8B DF5F4368 95135E44 
  DFC7C6CF 04DD7FD1 02030100 01A34230 40300E06 03551D0F 0101FF04 04030201 
  06300F06 03551D13 0101FF04 05300301 01FF301D 0603551D 0E041604 1449DC85 
  4B3D31E5 1B3E6A17 606AF333 3D3B4C73 E8300D06 092A8648 86F70D01 010B0500 
  03820101 00507F24 D3932A66 86025D9F E838AE5C 6D4DF6B0 49631C78 240DA905 
  604EDCDE FF4FED2B 77FC460E CD636FDB DD44681E 3A5673AB 9093D3B1 6C9E3D8B 
  D98987BF E40CBD9E 1AECA0C2 2189BB5C 8FA85686 CD98B646 5575B146 8DFC66A8 
  467A3DF4 4D565700 6ADF0F0D CF835015 3C04FF7C 21E878AC 11BA9CD2 55A9232C 
  7CA7B7E6 C1AF74F6 152E99B7 B1FCF9BB E973DE7F 5BDDEB86 C71E3B49 1765308B 
  5FB0DA06 B92AFE7F 494E8A9E 07B85737 F3A58BE1 1A48A229 C37C1E69 39F08678 
  80DDCD16 D6BACECA EEBC7CF9 8428787B 35202CDC 60E4616A B623CDBD 230E3AFB 
  418616A9 4093E049 4D10AB75 27E86F73 932E35B5 8862FDAE 0275156F 719BB2F0 
  D697DF7F 28
  	quit
crypto pki certificate chain TP-self-signed-2486517205
 certificate self-signed 01
  30820330 30820218 A0030201 02020101 300D0609 2A864886 F70D0101 0B050030 
  31312F30 2D060355 04030C26 494F532D 53656C66 2D536967 6E65642D 43657274 
  69666963 6174652D 32343836 35313732 3035301E 170D3236 30333138 30353333 
  35305A17 0D333630 33313730 35333335 305A3031 312F302D 06035504 030C2649 
  4F532D53 656C662D 5369676E 65642D43 65727469 66696361 74652D32 34383635 
  31373230 35308201 22300D06 092A8648 86F70D01 01010500 0382010F 00308201 
  0A028201 0100CA62 EC8DB80C 9405D93A EC5732F9 BF3B685F 4C064154 BE505BB8 
  0C9961A3 90190C3C 3E0BD557 5B108FED D30B7534 716D7428 04BB9A94 79E228EA 
  7F753780 A0194A21 16C898A0 40931D36 1B8890E7 68F4AFFA 2DD2EF22 ECCCCF1E 
  BAEF5CB2 3967E785 6590418E F86F9290 61F7AAE4 2A7B0CA7 3E08F430 7C402C0D 
  308086FE CDC538A1 6E4B4662 098B6EBB 434F84CA 4DC70782 8FF2836D 7AFC15B9 
  3BF545E4 7FFA66F1 9F0EA932 3DC407D2 73808D9C 75F7A6A0 D360C780 919B4983 
  6356FC31 F342441D 1314EF21 FEE43481 89EFE31D E65C255F 0334B552 AAA50190 
  654C71AB 77E9D071 01B1EC08 88890854 84BE3804 A9F4EECD 6E12F1D5 067212B5 
  EE691D3A 482B0203 010001A3 53305130 1D060355 1D0E0416 0414F7BF F91BDA51 
  D038B0DA 3CA36BC1 62EF9775 4253301F 0603551D 23041830 168014F7 BFF91BDA 
  51D038B0 DA3CA36B C162EF97 75425330 0F060355 1D130101 FF040530 030101FF 
  300D0609 2A864886 F70D0101 0B050003 82010100 5E6566B7 6410AE60 03DA9320 
  426675EF ABA08046 CBF6044E FB30D596 6FB139E5 E3016927 4784F878 34B6EF7A 
  12B8F96C 9665BDDD DD418C2C 2A872326 ABA9FF28 2B04207B CC4949AE 7B4A9079 
  E76591D9 BCB75ED2 BE5658BD 194531FD 6506DF7D E5087B90 A1B28593 D3665D28 
  9BDBB90D 1F66171F CB4FEAB4 49C3B016 B30B4655 AB53FA57 576DBE2B 0C047E77 
  C6410600 D2EE4E75 67BDF03C 9AEA2D08 51D0697F CB720E56 8D55DF97 9BF421B7 
  7A9801F1 794D4496 DED7D94C A2E5BDD2 B466093F 3060C347 EF635B2B 7FF7A36C 
  6D429D72 1AA6FD02 F71A7F86 F4830B59 B2A095F0 A7BAA9ED 18538A36 D8313544 
  2D06BB74 3CB91B58 65B093EB 238BFC52 A6DBF93D
  	quit
!
license boot level network-essentials addon dna-essentials
memory free low-watermark processor 8237
!
diagnostic bootup level minimal
!
spanning-tree mode rapid-pvst
spanning-tree extend system-id
spanning-tree vlan 40,50,60,80 priority 61440
!
!
!
!
redundancy
 mode sso
crypto engine compliance shield disable
!
!
!
!
!
transceiver type all
 monitoring
!
!
class-map match-any system-cpp-police-ewlc-control
  description EWLC Control 
class-map match-any system-cpp-police-topology-control
  description Topology control
class-map match-any system-cpp-police-sw-forward
  description Sw forwarding, L2 LVX data packets, LOGGING, Transit Traffic
class-map match-any system-cpp-default
  description EWLC data, Inter FED Traffic 
class-map match-any system-cpp-police-sys-data
  description Openflow, Exception, EGR Exception, NFL Sampled Data, RPF Failed
class-map match-any system-cpp-police-punt-webauth
  description Punt Webauth
class-map match-any system-cpp-police-l2lvx-control
  description L2 LVX control packets
class-map match-any system-cpp-police-forus
  description Forus Address resolution and Forus traffic
class-map match-any system-cpp-police-multicast-end-station
  description MCAST END STATION
class-map match-any system-cpp-police-high-rate-app
  description High Rate Applications 
class-map match-any system-cpp-police-multicast
  description MCAST Data
class-map match-any system-cpp-police-l2-control
  description L2 control
class-map match-any system-cpp-police-dot1x-auth
  description DOT1X Auth
class-map match-any system-cpp-police-data
  description ICMP redirect, ICMP_GEN and BROADCAST
class-map match-any system-cpp-police-stackwise-virt-control
  description Stackwise Virtual OOB
class-map match-any non-client-nrt-class
class-map match-any system-cpp-police-routing-control
  description Routing control and Low Latency
class-map match-any system-cpp-police-protocol-snooping
  description Protocol snooping
class-map match-any system-cpp-police-dhcp-snooping
  description DHCP snooping
class-map match-any system-cpp-police-ios-routing
  description L2 control, Topology control, Routing control, Low Latency
class-map match-any system-cpp-police-system-critical
  description System Critical and Gold Pkt
class-map match-any system-cpp-police-ios-feature
  description ICMPGEN,BROADCAST,ICMP,L2LVXCntrl,ProtoSnoop,PuntWebauth,MCASTData,Transit,DOT1XAuth,Swfwd,LOGGING,L2LVXData,ForusTraffic,ForusARP,McastEndStn,Openflow,Exception,EGRExcption,NflSampled,RpfFailed
!
policy-map system-cpp-policy
!
! 
!
!
!
!
!
!
!
!
!
interface Port-channel1
 switchport trunk allowed vlan 40,50,60,80
 switchport mode trunk
 spanning-tree link-type point-to-point
!
interface Port-channel2
 switchport trunk allowed vlan 40,50,60,80
 switchport mode trunk
 spanning-tree link-type point-to-point
!
interface GigabitEthernet0/0
 vrf forwarding Mgmt-vrf
 no ip address
 shutdown
!
interface GigabitEthernet1/0/1
 switchport access vlan 80
 switchport mode access
 spanning-tree portfast
 spanning-tree bpduguard enable
!
interface GigabitEthernet1/0/2
 switchport access vlan 80
 switchport mode access
 spanning-tree portfast
 spanning-tree bpduguard enable
!
interface GigabitEthernet1/0/3
 switchport access vlan 80
 switchport mode access
 spanning-tree portfast
 spanning-tree bpduguard enable
!
interface GigabitEthernet1/0/4
 switchport access vlan 60
 switchport mode access
 spanning-tree portfast
 spanning-tree bpduguard enable
!
interface GigabitEthernet1/0/5
 switchport access vlan 40
 switchport mode access
 spanning-tree portfast
 spanning-tree bpduguard enable
!
interface GigabitEthernet1/0/6
 switchport access vlan 40
 switchport mode access
 spanning-tree portfast
 spanning-tree bpduguard enable
!
interface GigabitEthernet1/0/7
 switchport access vlan 40
 switchport mode access
 spanning-tree portfast
 spanning-tree bpduguard enable
!
interface GigabitEthernet1/0/8
 switchport access vlan 50
 switchport mode access
 spanning-tree portfast
 spanning-tree bpduguard enable
!
interface GigabitEthernet1/0/9
 switchport access vlan 50
 switchport mode access
 spanning-tree portfast
 spanning-tree bpduguard enable
!
interface GigabitEthernet1/0/10
 switchport access vlan 50
 switchport mode access
 spanning-tree portfast
 spanning-tree bpduguard enable
!
interface GigabitEthernet1/0/11
 switchport trunk allowed vlan 40,50,60,80
 switchport mode trunk
 channel-group 1 mode desirable
!
interface GigabitEthernet1/0/12
 switchport trunk allowed vlan 40,50,60,80
 switchport mode trunk
 channel-group 2 mode desirable
!
interface GigabitEthernet1/0/13
 switchport access vlan 50
 switchport mode access
 spanning-tree portfast
 spanning-tree bpduguard enable
!
interface GigabitEthernet1/0/14
 switchport access vlan 50
 switchport mode access
 spanning-tree portfast
 spanning-tree bpduguard enable
!
interface GigabitEthernet1/0/15
!
interface GigabitEthernet1/0/16
 switchport trunk allowed vlan 40,50,60,80
 switchport mode trunk
 channel-group 1 mode desirable
!
interface GigabitEthernet1/0/17
 switchport trunk allowed vlan 40,50,60,80
 switchport mode trunk
 channel-group 2 mode desirable
!
interface GigabitEthernet1/0/18
!
interface GigabitEthernet1/0/19
!
interface GigabitEthernet1/0/20
!
interface GigabitEthernet1/0/21
!
interface GigabitEthernet1/0/22
!
interface GigabitEthernet1/0/23
!
interface GigabitEthernet1/0/24
!
interface GigabitEthernet1/1/1
!
interface GigabitEthernet1/1/2
!
interface GigabitEthernet1/1/3
!
interface GigabitEthernet1/1/4
!
interface Vlan1
 no ip address
!
ip http server
ip http authentication local
ip http secure-server
ip forward-protocol nd
ip ssh bulk-mode 131072
!
!
!
!
control-plane
 service-policy input system-cpp-policy
!
!
line con 0
 stopbits 1
line vty 0 4
 login
 transport input ssh
line vty 5 15
 login
 transport input ssh
!
!
!
!
!
!
!
end

S3#